// Jest Snapshot v1, https://goo.gl/fbAQLP

exports[`import mapping V3 should send a query per resource 1`] = `
Array [
  Object {
    "data": Object {
      "attributes": Object {
        "create": Array [
          Object {
            "comments": Object {
              "create": Object {
                "author": Object {
                  "connect": Object {
                    "email": "admin@arkhn.com",
                  },
                },
                "content": "test",
              },
            },
            "definitionId": "",
            "id": "ck6c9hoc2000352led1h9n1gl",
            "inputs": Object {
              "create": Array [
                Object {
                  "id": "ck6c9hoc4000552lekea0bofi",
                  "script": null,
                  "staticValue": "internal",
                },
              ],
            },
            "mergingScript": null,
            "path": "managingOrganization.reference",
          },
          Object {
            "definitionId": "",
            "id": "ck6c9hoc5000752le321rtzum",
            "inputs": Object {
              "create": Array [
                Object {
                  "id": "ck6c9hoc6000852le9bkw5vpl",
                  "script": null,
                  "staticValue": "/Organization/{id}",
                },
              ],
            },
            "mergingScript": null,
            "path": "managingOrganization.identifier.system",
          },
          Object {
            "definitionId": "",
            "id": "ck6c9hoc7001052lesc6wjvog",
            "inputs": Object {
              "create": Array [
                Object {
                  "id": "ck6c9hoc9001452leo6e9yb96",
                  "script": null,
                  "sqlValue": Object {
                    "create": Object {
                      "column": "SERVICE",
                      "id": "ck6c9hoc8001252levrrp3u2n",
                      "owner": "OPS$ACHQ1ABC",
                      "table": "SEJOUR",
                    },
                  },
                  "staticValue": null,
                },
              ],
            },
            "mergingScript": null,
            "path": "managingOrganization.identifier.value",
          },
          Object {
            "definitionId": "",
            "id": "ck6c9hoca001652le76agyk8f",
            "inputs": Object {
              "create": Array [
                Object {
                  "id": "ck6c9hocb002052leixa44qa3",
                  "script": null,
                  "sqlValue": Object {
                    "create": Object {
                      "column": "ETATSEJ",
                      "id": "ck6c9hoca001852lew9ac5n7m",
                      "owner": "OPS$ACHQ1ABC",
                      "table": "SEJOUR",
                    },
                  },
                  "staticValue": null,
                },
              ],
            },
            "mergingScript": null,
            "path": "status",
          },
          Object {
            "definitionId": "",
            "id": "ck6c9hocc002252le63ofcgq0",
            "inputs": Object {
              "create": Array [
                Object {
                  "id": "ck6c9hocd002652leouc49vj3",
                  "script": null,
                  "sqlValue": Object {
                    "create": Object {
                      "column": "SECLEUNIK",
                      "id": "ck6c9hocc002452lexxtwjeft",
                      "owner": "OPS$ACHQ1ABC",
                      "table": "SEJOUR",
                    },
                  },
                  "staticValue": null,
                },
              ],
            },
            "mergingScript": null,
            "path": "identifier[0].value",
          },
          Object {
            "definitionId": "",
            "id": "ck6c9hoce002852le5v42jzjk",
            "inputs": Object {
              "create": Array [
                Object {
                  "id": "ck6c9hocf003252le2mown7tf",
                  "script": null,
                  "sqlValue": Object {
                    "create": Object {
                      "column": "ADMISSION",
                      "id": "ck6c9hocf003052lehrkb8axg",
                      "owner": "OPS$ACHQ1ABC",
                      "table": "SEJOUR",
                    },
                  },
                  "staticValue": null,
                },
                Object {
                  "id": "ck6c9hoch003752lei1n64rxe",
                  "script": null,
                  "sqlValue": Object {
                    "create": Object {
                      "column": "ADMISSION2",
                      "id": "ck6c9hocg003452ler5l7qgy4",
                      "owner": "OPS$ACHQ1ABC",
                      "table": "SEJOUR",
                    },
                  },
                  "staticValue": null,
                },
              ],
            },
            "mergingScript": "select_first_not_empty",
            "path": "identifier[1].value",
          },
          Object {
            "definitionId": "",
            "id": "ck6c9hoci003952le9b633z11",
            "inputs": Object {
              "create": Array [
                Object {
                  "id": "ck6c9hock004352lenbkq8o0g",
                  "script": null,
                  "sqlValue": Object {
                    "create": Object {
                      "column": "TWCLEUNIK",
                      "id": "ck6c9hocj004152lejdas9vs2",
                      "owner": "OPS$ACHQ1ABC",
                      "table": "SEJOUR",
                    },
                  },
                  "staticValue": null,
                },
              ],
            },
            "mergingScript": null,
            "path": "type[0].coding[0].code",
          },
          Object {
            "definitionId": "",
            "id": "ck6c9hock004552le6lgilo3o",
            "inputs": Object {
              "create": Array [
                Object {
                  "id": "ck6c9hocp005652lehp1rqae7",
                  "script": null,
                  "sqlValue": Object {
                    "create": Object {
                      "column": "LIBELTW",
                      "id": "ck6c9hocl004752le7e35xfg6",
                      "joins": Object {
                        "create": Array [
                          Object {
                            "id": "ck6c9hocm004952leyc8yzswc",
                            "tables": Object {
                              "create": Array [
                                Object {
                                  "column": "TWCLEUNIK",
                                  "id": "ck6c9hoco005252le1oeeayts",
                                  "owner": "OPS$ACHQ1ABC",
                                  "table": "SEJOUR",
                                },
                                Object {
                                  "column": "TWCLEUNIK",
                                  "id": "ck6c9hocp005452le5p7nlip3",
                                  "owner": "OPS$ACHQ1ABC",
                                  "table": "TYPESEJ",
                                },
                              ],
                            },
                          },
                        ],
                      },
                      "owner": "OPS$ACHQ1ABC",
                      "table": "TYPESEJ",
                    },
                  },
                  "staticValue": null,
                },
              ],
            },
            "mergingScript": null,
            "path": "type[0].coding[0].display",
          },
          Object {
            "definitionId": "",
            "id": "ck6c9hocq005852leuaz6wxc5",
            "inputs": Object {
              "create": Array [
                Object {
                  "id": "ck6c9hocr006252lelobc8hvd",
                  "script": "clean_date",
                  "sqlValue": Object {
                    "create": Object {
                      "column": "DATEOUT",
                      "id": "ck6c9hocr006052leccm6bko8",
                      "owner": "OPS$ACHQ1ABC",
                      "table": "SEJOUR",
                    },
                  },
                  "staticValue": null,
                },
                Object {
                  "id": "ck6c9hoct006652leerssakmc",
                  "script": null,
                  "sqlValue": Object {
                    "create": Object {
                      "column": "HEUREOUT",
                      "id": "ck6c9hocs006452lepp9o4uvw",
                      "owner": "OPS$ACHQ1ABC",
                      "table": "SEJOUR",
                    },
                  },
                  "staticValue": null,
                },
              ],
            },
            "mergingScript": "merge_concat",
            "path": "period.end",
          },
          Object {
            "definitionId": "",
            "id": "ck6c9hocu006852le8d202mfg",
            "inputs": Object {
              "create": Array [
                Object {
                  "id": "ck6c9hocw007252ler30pmh00",
                  "script": "clean_date",
                  "sqlValue": Object {
                    "create": Object {
                      "column": "DATEIN",
                      "id": "ck6c9hocu007052lew1k5z6yq",
                      "owner": "OPS$ACHQ1ABC",
                      "table": "SEJOUR",
                    },
                  },
                  "staticValue": null,
                },
                Object {
                  "id": "ck6c9hocx007552le1dbrvsm5",
                  "script": null,
                  "sqlValue": Object {
                    "create": Object {
                      "column": "HEUREIN",
                      "id": "ck6c9hocw007352lemocjx2f6",
                      "owner": "OPS$ACHQ1ABC",
                      "table": "SEJOUR",
                    },
                  },
                  "staticValue": null,
                },
              ],
            },
            "mergingScript": "merge_concat",
            "path": "period.start",
          },
          Object {
            "definitionId": "",
            "id": "ck6c9hocy007752leei7i9gd9",
            "inputs": Object {
              "create": Array [
                Object {
                  "id": "ck6c9hocy007952le5djvooph",
                  "script": null,
                  "staticValue": "internal",
                },
              ],
            },
            "mergingScript": null,
            "path": "patient.reference",
          },
          Object {
            "definitionId": "",
            "id": "ck6c9hocz008152leutkt1w8b",
            "inputs": Object {
              "create": Array [
                Object {
                  "id": "ck6c9hod0008352lesbiyay30",
                  "script": null,
                  "staticValue": "/Patient/{id}",
                },
              ],
            },
            "mergingScript": null,
            "path": "patient.identifier.system",
          },
          Object {
            "definitionId": "",
            "id": "ck6c9hod0008552le3kfhx1av",
            "inputs": Object {
              "create": Array [
                Object {
                  "id": "ck6c9hod2008952les07nukxh",
                  "script": null,
                  "sqlValue": Object {
                    "create": Object {
                      "column": "PACLEUNIK",
                      "id": "ck6c9hod1008752leqt7ftwb8",
                      "owner": "OPS$ACHQ1ABC",
                      "table": "SEJOUR",
                    },
                  },
                  "staticValue": null,
                },
              ],
            },
            "mergingScript": null,
            "path": "patient.identifier.value",
          },
        ],
      },
      "definitionId": "EpisodeOfCare",
      "id": "ck6c9hoc1000152le3mpxrij5",
      "label": "Hospital Stay",
      "primaryKeyColumn": "SECLEUNIK",
      "primaryKeyOwner": "OPS$ACHQ1ABC",
      "primaryKeyTable": "SEJOUR",
      "source": Object {
        "connect": Object {
          "id": "01234567",
        },
      },
    },
  },
]
`;

exports[`import mapping V3 should send a query per resource 2`] = `
Array [
  Object {
    "data": Object {
      "attributes": Object {
        "create": Array [
          Object {
            "definitionId": "",
            "id": "ck6c9hoc3000452le66hv802c",
            "inputs": Object {
              "create": Array [
                Object {
                  "id": "ck6c9hoc6000952lekmwr53z3",
                  "script": null,
                  "sqlValue": Object {
                    "create": Object {
                      "column": "INACTIVPAT",
                      "id": "ck6c9hoc5000652lev5bhu3c4",
                      "owner": "OPS$ACHQ1ABC",
                      "table": "PATIENT",
                    },
                  },
                  "staticValue": null,
                },
              ],
            },
            "mergingScript": null,
            "path": "active",
          },
          Object {
            "definitionId": "",
            "id": "ck6c9hoc7001152ledgis9hbo",
            "inputs": Object {
              "create": Array [
                Object {
                  "id": "ck6c9hoc9001552legdtofhey",
                  "script": null,
                  "sqlValue": Object {
                    "create": Object {
                      "column": "ADR1PAT",
                      "id": "ck6c9hoc8001352leonr15aqd",
                      "owner": "OPS$ACHQ1ABC",
                      "table": "PATIENT",
                    },
                  },
                  "staticValue": null,
                },
                Object {
                  "id": "ck6c9hoca001952lerxmg1pv8",
                  "script": null,
                  "sqlValue": Object {
                    "create": Object {
                      "column": "ADR2PAT",
                      "id": "ck6c9hoca001752le2gh3usvw",
                      "owner": "OPS$ACHQ1ABC",
                      "table": "PATIENT",
                    },
                  },
                  "staticValue": null,
                },
                Object {
                  "id": "ck6c9hocc002352le4c4l4a9f",
                  "script": null,
                  "sqlValue": Object {
                    "create": Object {
                      "column": "ADR3PAT",
                      "id": "ck6c9hocb002152lefo615hje",
                      "owner": "OPS$ACHQ1ABC",
                      "table": "PATIENT",
                    },
                  },
                  "staticValue": null,
                },
              ],
            },
            "mergingScript": "merge_concat",
            "path": "address[0].line[0]",
          },
          Object {
            "definitionId": "",
            "id": "ck6c9hocd002552le4om96bg8",
            "inputs": Object {
              "create": Array [
                Object {
                  "id": "ck6c9hoce002952lezn4ub86x",
                  "script": null,
                  "sqlValue": Object {
                    "create": Object {
                      "column": "VILLEPAT",
                      "id": "ck6c9hocd002752le5bchnc19",
                      "owner": "OPS$ACHQ1ABC",
                      "table": "PATIENT",
                    },
                  },
                  "staticValue": null,
                },
              ],
            },
            "mergingScript": null,
            "path": "address[0].city",
          },
          Object {
            "definitionId": "",
            "id": "ck6c9hocf003152le4yxoz1xg",
            "inputs": Object {
              "create": Array [
                Object {
                  "id": "ck6c9hocg003552lexgb1tkj9",
                  "script": null,
                  "sqlValue": Object {
                    "create": Object {
                      "column": "CPOSTPAT",
                      "id": "ck6c9hocg003352le5y0hloph",
                      "owner": "OPS$ACHQ1ABC",
                      "table": "PATIENT",
                    },
                  },
                  "staticValue": null,
                },
              ],
            },
            "mergingScript": null,
            "path": "address[0].postalCode",
          },
          Object {
            "definitionId": "",
            "id": "ck6c9hoch003652lexr7zle5u",
            "inputs": Object {
              "create": Array [
                Object {
                  "id": "ck6c9hocj004052leksupnvge",
                  "script": null,
                  "sqlValue": Object {
                    "create": Object {
                      "column": "INACTIVPAT",
                      "id": "ck6c9hoci003852leuzr1fwsu",
                      "owner": "OPS$ACHQ1ABC",
                      "table": "PATIENT",
                    },
                  },
                  "staticValue": null,
                },
                Object {
                  "id": "ck6c9hock004452lejs5itq4b",
                  "script": null,
                  "sqlValue": Object {
                    "create": Object {
                      "column": "IDMOTIFINAC",
                      "id": "ck6c9hocj004252lehdu4vjy0",
                      "owner": "OPS$ACHQ1ABC",
                      "table": "PATIENT",
                    },
                  },
                  "staticValue": null,
                },
              ],
            },
            "mergingScript": null,
            "path": "deceasedBoolean",
          },
          Object {
            "definitionId": "",
            "id": "ck6c9hocl004652le77jkvctr",
            "inputs": Object {
              "create": Array [
                Object {
                  "id": "ck6c9hocn005052leur3xfow6",
                  "script": null,
                  "sqlValue": Object {
                    "create": Object {
                      "column": "DATEINACPAT",
                      "id": "ck6c9hocm004852ledhcj0jvb",
                      "owner": "OPS$ACHQ1ABC",
                      "table": "PATIENT",
                    },
                  },
                  "staticValue": null,
                },
              ],
            },
            "mergingScript": null,
            "path": "deceasedDateTime",
          },
          Object {
            "definitionId": "",
            "id": "ck6c9hoco005152let11cu8xh",
            "inputs": Object {
              "create": Array [
                Object {
                  "id": "ck6c9hocp005552lelmyfier1",
                  "script": null,
                  "sqlValue": Object {
                    "create": Object {
                      "column": "TELPAT",
                      "id": "ck6c9hoco005352letl34ilih",
                      "owner": "OPS$ACHQ1ABC",
                      "table": "PATIENT",
                    },
                  },
                  "staticValue": null,
                },
              ],
            },
            "mergingScript": null,
            "path": "telecom[0].value",
          },
          Object {
            "definitionId": "",
            "id": "ck6c9hocq005752lemi79hwo8",
            "inputs": Object {
              "create": Array [
                Object {
                  "id": "ck6c9hocr005952leunnj787h",
                  "script": null,
                  "staticValue": "official",
                },
              ],
            },
            "mergingScript": null,
            "path": "name[0].use",
          },
          Object {
            "definitionId": "",
            "id": "ck6c9hocr006152lek5hpyp6n",
            "inputs": Object {
              "create": Array [
                Object {
                  "id": "ck6c9hoct006552le1h3p818o",
                  "script": null,
                  "sqlValue": Object {
                    "create": Object {
                      "column": "NOMPAT",
                      "id": "ck6c9hocs006352le5cwyv87w",
                      "owner": "OPS$ACHQ1ABC",
                      "table": "PATIENT",
                    },
                  },
                  "staticValue": null,
                },
              ],
            },
            "mergingScript": null,
            "path": "name[0].family",
          },
          Object {
            "definitionId": "",
            "id": "ck6c9hoct006752le4sinq2yy",
            "inputs": Object {
              "create": Array [
                Object {
                  "id": "ck6c9hocv007152leinhmtme6",
                  "script": null,
                  "sqlValue": Object {
                    "create": Object {
                      "column": "PRENOMPAT",
                      "id": "ck6c9hocu006952len22rag0q",
                      "owner": "OPS$ACHQ1ABC",
                      "table": "PATIENT",
                    },
                  },
                  "staticValue": null,
                },
              ],
            },
            "mergingScript": null,
            "path": "name[0].given[0]",
          },
          Object {
            "definitionId": "",
            "id": "ck6c9hocw007452lexbg3xm7g",
            "inputs": Object {
              "create": Array [
                Object {
                  "id": "ck6c9hocx007652le7eed6nzr",
                  "script": null,
                  "staticValue": "maiden",
                },
              ],
            },
            "mergingScript": null,
            "path": "name[1].use",
          },
          Object {
            "definitionId": "",
            "id": "ck6c9hocy007852le22qf95lq",
            "inputs": Object {
              "create": Array [
                Object {
                  "id": "ck6c9hocz008252leblj0aitl",
                  "script": null,
                  "sqlValue": Object {
                    "create": Object {
                      "column": "NOMJFPAT",
                      "id": "ck6c9hocy008052le469gcf0q",
                      "owner": "OPS$ACHQ1ABC",
                      "table": "PATIENT",
                    },
                  },
                  "staticValue": null,
                },
              ],
            },
            "mergingScript": null,
            "path": "name[1].family",
          },
          Object {
            "definitionId": "",
            "id": "ck6c9hod0008452lep12nluk0",
            "inputs": Object {
              "create": Array [
                Object {
                  "id": "ck6c9hod1008852leyrtzs6xv",
                  "script": "clean_date",
                  "sqlValue": Object {
                    "create": Object {
                      "column": "DATENAISPA",
                      "id": "ck6c9hod1008652leo1a6jji9",
                      "owner": "OPS$ACHQ1ABC",
                      "table": "PATIENT",
                    },
                  },
                  "staticValue": null,
                },
              ],
            },
            "mergingScript": null,
            "path": "birthDate",
          },
          Object {
            "definitionId": "",
            "id": "ck6c9hod2009052lerawxzddp",
            "inputs": Object {
              "create": Array [
                Object {
                  "id": "ck6c9hod3009252lexksll1gn",
                  "script": null,
                  "sqlValue": Object {
                    "create": Object {
                      "column": "SEXEPAT",
                      "id": "ck6c9hod3009152le1a3leiuu",
                      "owner": "OPS$ACHQ1ABC",
                      "table": "PATIENT",
                    },
                  },
                  "staticValue": null,
                },
              ],
            },
            "mergingScript": null,
            "path": "gender",
          },
          Object {
            "definitionId": "",
            "id": "ck6c9hod4009352lej18xrum4",
            "inputs": Object {
              "create": Array [
                Object {
                  "id": "ck6c9hod5009452le6vvy7su0",
                  "script": null,
                  "staticValue": "http://terminology.interopsante.org/CodeSystem/v2-0203",
                },
              ],
            },
            "mergingScript": null,
            "path": "identifier[0].type.coding[0].system",
          },
          Object {
            "definitionId": "",
            "id": "ck6c9hod6009552le90c7xg7g",
            "inputs": Object {
              "create": Array [
                Object {
                  "id": "ck6c9hod6009652leqrc455cg",
                  "script": null,
                  "staticValue": "PI",
                },
              ],
            },
            "mergingScript": null,
            "path": "identifier[0].type.coding[0].code",
          },
          Object {
            "definitionId": "",
            "id": "ck6c9hod7009752lexnyw8dcc",
            "inputs": Object {
              "create": Array [
                Object {
                  "id": "ck6c9hod8009852letalwarm8",
                  "script": null,
                  "staticValue": "Patient internal identifier",
                },
              ],
            },
            "mergingScript": null,
            "path": "identifier[0].type.coding[0].display",
          },
          Object {
            "definitionId": "",
            "id": "ck6c9hod8009952leermgl3m7",
            "inputs": Object {
              "create": Array [
                Object {
                  "id": "ck6c9hod9010052le1dvi0o6h",
                  "script": null,
                  "staticValue": "false",
                },
              ],
            },
            "mergingScript": null,
            "path": "identifier[0].type.coding[0].userSelected",
          },
          Object {
            "definitionId": "",
            "id": "ck6c9hoda010152lez1jhdo5i",
            "inputs": Object {
              "create": Array [
                Object {
                  "id": "ck6c9hodb010352leg9yadw4i",
                  "script": null,
                  "sqlValue": Object {
                    "create": Object {
                      "column": "NOOBSPAT",
                      "id": "ck6c9hoda010252lefpzij305",
                      "owner": "OPS$ACHQ1ABC",
                      "table": "PATIENT",
                    },
                  },
                  "staticValue": null,
                },
              ],
            },
            "mergingScript": null,
            "path": "identifier[0].value",
          },
          Object {
            "definitionId": "",
            "id": "ck6c9hodb010452levozo9ovy",
            "inputs": Object {
              "create": Array [
                Object {
                  "id": "ck6c9hodd010652le77umzyt8",
                  "script": null,
                  "sqlValue": Object {
                    "create": Object {
                      "column": "PACLEUNIK",
                      "id": "ck6c9hodc010552lecxg5fmr4",
                      "owner": "OPS$ACHQ1ABC",
                      "table": "PATIENT",
                    },
                  },
                  "staticValue": null,
                },
              ],
            },
            "mergingScript": null,
            "path": "identifier[1].value",
          },
          Object {
            "definitionId": "",
            "id": "ck6c9hodd010752legfdvnpws",
            "inputs": Object {
              "create": Array [
                Object {
                  "id": "ck6c9hode010952lep3mpphp5",
                  "script": null,
                  "sqlValue": Object {
                    "create": Object {
                      "column": "DOSSIERPAT",
                      "id": "ck6c9hode010852leivckf58t",
                      "owner": "OPS$ACHQ1ABC",
                      "table": "PATIENT",
                    },
                  },
                  "staticValue": null,
                },
              ],
            },
            "mergingScript": null,
            "path": "identifier[2].value",
          },
          Object {
            "definitionId": "",
            "id": "ck6c9hodf011052lev2uu0wdf",
            "inputs": Object {
              "create": Array [
                Object {
                  "id": "ck6c9hodg011252leyt8loaju",
                  "script": null,
                  "sqlValue": Object {
                    "create": Object {
                      "column": "DATEINPAT",
                      "id": "ck6c9hodf011152lewa4ytkor",
                      "owner": "OPS$ACHQ1ABC",
                      "table": "PATIENT",
                    },
                  },
                  "staticValue": null,
                },
              ],
            },
            "mergingScript": null,
            "path": "identifier[2].period.start",
          },
          Object {
            "definitionId": "",
            "id": "ck6c9hodh011352lergwvx9ww",
            "inputs": Object {
              "create": Array [
                Object {
                  "id": "ck6c9hodi011552lew9yrzfj2",
                  "script": null,
                  "sqlValue": Object {
                    "create": Object {
                      "column": "DATEOUTPAT",
                      "id": "ck6c9hodh011452levbikpuqb",
                      "owner": "OPS$ACHQ1ABC",
                      "table": "PATIENT",
                    },
                  },
                  "staticValue": null,
                },
              ],
            },
            "mergingScript": null,
            "path": "identifier[2].period.end",
          },
          Object {
            "definitionId": "",
            "id": "ck6c9hodi011652le98bg8htm",
            "inputs": Object {
              "create": Array [
                Object {
                  "id": "ck6c9hodj011752ler8wbayv7",
                  "script": null,
                  "staticValue": "/Organization",
                },
              ],
            },
            "mergingScript": null,
            "path": "managingOrganization.type",
          },
          Object {
            "definitionId": "",
            "id": "ck6c9hodk011852led97vwwii",
            "inputs": Object {
              "create": Array [
                Object {
                  "id": "ck6c9hodl011952lez7zo9gb7",
                  "script": null,
                  "staticValue": "/Organization/{id}",
                },
              ],
            },
            "mergingScript": null,
            "path": "managingOrganization.identifier.system",
          },
          Object {
            "definitionId": "",
            "id": "ck6c9hodl012052let1i8itnu",
            "inputs": Object {
              "create": Array [
                Object {
                  "id": "ck6c9hodm012252lesd4gu0ry",
                  "script": null,
                  "sqlValue": Object {
                    "create": Object {
                      "column": "CODESERV",
                      "id": "ck6c9hodm012152leeg0q5s0u",
                      "owner": "OPS$ACHQ1ABC",
                      "table": "PATIENT",
                    },
                  },
                  "staticValue": null,
                },
              ],
            },
            "mergingScript": null,
            "path": "managingOrganization.identifier.value",
          },
        ],
      },
      "definitionId": "Patient",
      "id": "ck6c9hoc2000252le3554r26g",
      "label": "",
      "primaryKeyColumn": "PACLEUNIK",
      "primaryKeyOwner": "OPS$ACHQ1ABC",
      "primaryKeyTable": "PATIENT",
      "source": Object {
        "connect": Object {
          "id": "01234567",
        },
      },
    },
  },
]
`;
