// Jest Snapshot v1, https://goo.gl/fbAQLP

exports[`import mapping V7 should send a query per resource 1`] = `
Array [
  Object {
    "data": Object {
      "attributes": Object {
        "create": Array [
          Object {
            "definitionId": "string",
            "inputGroups": Object {
              "create": Array [
                Object {
                  "inputs": Object {
                    "create": Array [
                      Object {
                        "conceptMapId": null,
                        "script": null,
                        "sqlValue": Object {
                          "create": Object {
                            "column": "LIBELTW",
                            "joins": Object {
                              "create": Array [
                                Object {
                                  "tables": Object {
                                    "create": Array [
                                      Object {
                                        "column": "TWCLEUNIK",
                                        "table": "SEJOUR",
                                      },
                                      Object {
                                        "column": "TWCLEUNIK",
                                        "table": "TYPESEJ",
                                      },
                                    ],
                                  },
                                },
                              ],
                            },
                            "table": "TYPESEJ",
                          },
                        },
                        "staticValue": null,
                      },
                    ],
                  },
                  "mergingScript": null,
                },
              ],
            },
            "path": "type[0].coding[0].display",
          },
          Object {
            "definitionId": "Reference",
            "path": "patient",
          },
          Object {
            "definitionId": "uri",
            "inputGroups": Object {
              "create": Array [
                Object {
                  "inputs": Object {
                    "create": Array [
                      Object {
                        "conceptMapId": null,
                        "script": null,
                        "staticValue": "http://terminology.arkhn.com/ck8iiui3g0873euutm08fnyrf",
                      },
                    ],
                  },
                  "mergingScript": null,
                },
              ],
            },
            "path": "patient.identifier.system",
          },
          Object {
            "definitionId": "string",
            "inputGroups": Object {
              "create": Array [
                Object {
                  "inputs": Object {
                    "create": Array [
                      Object {
                        "conceptMapId": null,
                        "script": null,
                        "sqlValue": Object {
                          "create": Object {
                            "column": "PACLEUNIK",
                            "table": "SEJOUR",
                          },
                        },
                        "staticValue": null,
                      },
                    ],
                  },
                  "mergingScript": null,
                },
              ],
            },
            "path": "patient.identifier.value",
          },
          Object {
            "definitionId": "Identifier",
            "path": "managingOrganization.identifier",
          },
          Object {
            "definitionId": "string",
            "inputGroups": Object {
              "create": Array [
                Object {
                  "inputs": Object {
                    "create": Array [
                      Object {
                        "conceptMapId": null,
                        "script": null,
                        "sqlValue": Object {
                          "create": Object {
                            "column": "SERVICE",
                            "table": "SEJOUR",
                          },
                        },
                        "staticValue": null,
                      },
                    ],
                  },
                  "mergingScript": null,
                },
              ],
            },
            "path": "managingOrganization.identifier.value",
          },
          Object {
            "definitionId": "dateTime",
            "inputGroups": Object {
              "create": Array [
                Object {
                  "inputs": Object {
                    "create": Array [
                      Object {
                        "conceptMapId": null,
                        "script": "clean_date",
                        "sqlValue": Object {
                          "create": Object {
                            "column": "DATEIN",
                            "table": "SEJOUR",
                          },
                        },
                        "staticValue": null,
                      },
                      Object {
                        "conceptMapId": null,
                        "script": null,
                        "sqlValue": Object {
                          "create": Object {
                            "column": "HEUREIN",
                            "table": "SEJOUR",
                          },
                        },
                        "staticValue": null,
                      },
                    ],
                  },
                  "mergingScript": "merge_concat",
                },
              ],
            },
            "path": "period.start",
          },
          Object {
            "definitionId": "string",
            "inputGroups": Object {
              "create": Array [
                Object {
                  "inputs": Object {
                    "create": Array [
                      Object {
                        "conceptMapId": null,
                        "script": null,
                        "sqlValue": Object {
                          "create": Object {
                            "column": "SECLEUNIK",
                            "table": "SEJOUR",
                          },
                        },
                        "staticValue": null,
                      },
                    ],
                  },
                  "mergingScript": null,
                },
              ],
            },
            "path": "identifier[0].value",
          },
          Object {
            "definitionId": "code",
            "inputGroups": Object {
              "create": Array [
                Object {
                  "inputs": Object {
                    "create": Array [
                      Object {
                        "conceptMapId": null,
                        "script": null,
                        "sqlValue": Object {
                          "create": Object {
                            "column": "ETATSEJ",
                            "table": "SEJOUR",
                          },
                        },
                        "staticValue": null,
                      },
                    ],
                  },
                  "mergingScript": null,
                },
              ],
            },
            "path": "status",
          },
          Object {
            "definitionId": "CodeableConcept",
            "path": "type",
          },
          Object {
            "definitionId": "string",
            "inputGroups": Object {
              "create": Array [
                Object {
                  "inputs": Object {
                    "create": Array [
                      Object {
                        "conceptMapId": null,
                        "script": null,
                        "staticValue": "internal",
                      },
                    ],
                  },
                  "mergingScript": null,
                },
              ],
            },
            "path": "patient.reference",
          },
          Object {
            "comments": Object {
              "create": Array [
                Object {
                  "author": Object {
                    "connect": Object {
                      "email": "admin@arkhn.com",
                    },
                  },
                  "content": "test",
                  "createdAt": "2020-04-02T08:53:07.997Z",
                },
              ],
            },
            "definitionId": "string",
            "inputGroups": Object {
              "create": Array [
                Object {
                  "inputs": Object {
                    "create": Array [
                      Object {
                        "conceptMapId": null,
                        "script": null,
                        "staticValue": "internal",
                      },
                    ],
                  },
                  "mergingScript": null,
                },
              ],
            },
            "path": "managingOrganization.reference",
          },
          Object {
            "definitionId": "Period",
            "path": "period",
          },
          Object {
            "definitionId": "dateTime",
            "inputGroups": Object {
              "create": Array [
                Object {
                  "inputs": Object {
                    "create": Array [
                      Object {
                        "conceptMapId": null,
                        "script": null,
                        "sqlValue": Object {
                          "create": Object {
                            "column": "HEUREOUT",
                            "table": "SEJOUR",
                          },
                        },
                        "staticValue": null,
                      },
                      Object {
                        "conceptMapId": null,
                        "script": "clean_date",
                        "sqlValue": Object {
                          "create": Object {
                            "column": "DATEOUT",
                            "table": "SEJOUR",
                          },
                        },
                        "staticValue": null,
                      },
                    ],
                  },
                  "mergingScript": "merge_concat",
                },
              ],
            },
            "path": "period.end",
          },
          Object {
            "definitionId": "Coding",
            "path": "type[0].coding",
          },
          Object {
            "definitionId": "Identifier",
            "path": "identifier",
          },
          Object {
            "definitionId": "string",
            "inputGroups": Object {
              "create": Array [
                Object {
                  "inputs": Object {
                    "create": Array [
                      Object {
                        "conceptMapId": null,
                        "script": null,
                        "sqlValue": Object {
                          "create": Object {
                            "column": "ADMISSION",
                            "table": "SEJOUR",
                          },
                        },
                        "staticValue": null,
                      },
                      Object {
                        "conceptMapId": null,
                        "script": null,
                        "sqlValue": Object {
                          "create": Object {
                            "column": "ADMISSION2",
                            "table": "SEJOUR",
                          },
                        },
                        "staticValue": null,
                      },
                    ],
                  },
                  "mergingScript": "select_first_not_empty",
                },
              ],
            },
            "path": "identifier[1].value",
          },
          Object {
            "definitionId": "code",
            "inputGroups": Object {
              "create": Array [
                Object {
                  "inputs": Object {
                    "create": Array [
                      Object {
                        "conceptMapId": null,
                        "script": null,
                        "sqlValue": Object {
                          "create": Object {
                            "column": "TWCLEUNIK",
                            "table": "SEJOUR",
                          },
                        },
                        "staticValue": null,
                      },
                    ],
                  },
                  "mergingScript": null,
                },
              ],
            },
            "path": "type[0].coding[0].code",
          },
          Object {
            "definitionId": "Identifier",
            "path": "patient.identifier",
          },
          Object {
            "definitionId": "Reference",
            "path": "managingOrganization",
          },
          Object {
            "definitionId": "uri",
            "inputGroups": Object {
              "create": Array [
                Object {
                  "inputs": Object {
                    "create": Array [
                      Object {
                        "conceptMapId": null,
                        "script": null,
                        "staticValue": "http://terminology.arkhn.com/ck8iiui3g0872euut6adjvlol",
                      },
                    ],
                  },
                  "mergingScript": null,
                },
              ],
            },
            "path": "managingOrganization.identifier.system",
          },
        ],
      },
      "definitionId": "EpisodeOfCare",
      "filters": Object {
        "create": Array [
          Object {
            "relation": "<=",
            "sqlColumn": Object {
              "create": Object {
                "column": "CHAMBRE",
                "table": "SEJOUR",
              },
            },
            "value": "200",
          },
        ],
      },
      "label": "Hospital Stay",
      "primaryKeyColumn": "SECLEUNIK",
      "primaryKeyTable": "SEJOUR",
      "source": Object {
        "connect": Object {
          "id": "01234567",
        },
      },
    },
  },
]
`;

exports[`import mapping V7 should send a query per resource 2`] = `
Array [
  Object {
    "data": Object {
      "attributes": Object {
        "create": Array [
          Object {
            "definitionId": "Coding",
            "path": "identifier[0].type.coding",
          },
          Object {
            "definitionId": "code",
            "inputGroups": Object {
              "create": Array [
                Object {
                  "inputs": Object {
                    "create": Array [
                      Object {
                        "conceptMapId": null,
                        "script": null,
                        "staticValue": "PI",
                      },
                    ],
                  },
                  "mergingScript": null,
                },
              ],
            },
            "path": "identifier[0].type.coding[0].code",
          },
          Object {
            "definitionId": "string",
            "inputGroups": Object {
              "create": Array [
                Object {
                  "inputs": Object {
                    "create": Array [
                      Object {
                        "conceptMapId": null,
                        "script": null,
                        "staticValue": "Patient internal identifier",
                      },
                    ],
                  },
                  "mergingScript": null,
                },
              ],
            },
            "path": "identifier[0].type.coding[0].display",
          },
          Object {
            "definitionId": "string",
            "inputGroups": Object {
              "create": Array [
                Object {
                  "inputs": Object {
                    "create": Array [
                      Object {
                        "conceptMapId": null,
                        "script": null,
                        "sqlValue": Object {
                          "create": Object {
                            "column": "DOSSIERPAT",
                            "table": "PATIENT",
                          },
                        },
                        "staticValue": null,
                      },
                    ],
                  },
                  "mergingScript": null,
                },
              ],
            },
            "path": "identifier[2].value",
          },
          Object {
            "definitionId": "Period",
            "path": "identifier[2].period",
          },
          Object {
            "definitionId": "HumanName",
            "path": "name",
          },
          Object {
            "definitionId": "code",
            "inputGroups": Object {
              "create": Array [
                Object {
                  "inputs": Object {
                    "create": Array [
                      Object {
                        "conceptMapId": null,
                        "script": null,
                        "staticValue": "maiden",
                      },
                    ],
                  },
                  "mergingScript": null,
                },
              ],
            },
            "path": "name[1].use",
          },
          Object {
            "definitionId": "string",
            "inputGroups": Object {
              "create": Array [
                Object {
                  "inputs": Object {
                    "create": Array [
                      Object {
                        "conceptMapId": null,
                        "script": null,
                        "sqlValue": Object {
                          "create": Object {
                            "column": "NOMJFPAT",
                            "table": "PATIENT",
                          },
                        },
                        "staticValue": null,
                      },
                    ],
                  },
                  "mergingScript": null,
                },
              ],
            },
            "path": "name[1].family",
          },
          Object {
            "definitionId": "code",
            "inputGroups": Object {
              "create": Array [
                Object {
                  "inputs": Object {
                    "create": Array [
                      Object {
                        "conceptMapId": null,
                        "script": null,
                        "sqlValue": Object {
                          "create": Object {
                            "column": "SEXEPAT",
                            "table": "PATIENT",
                          },
                        },
                        "staticValue": null,
                      },
                    ],
                  },
                  "mergingScript": null,
                },
              ],
            },
            "path": "gender",
          },
          Object {
            "definitionId": "Address",
            "path": "address",
          },
          Object {
            "definitionId": "Reference",
            "path": "managingOrganization",
          },
          Object {
            "definitionId": "uri",
            "inputGroups": Object {
              "create": Array [
                Object {
                  "inputs": Object {
                    "create": Array [
                      Object {
                        "conceptMapId": null,
                        "script": null,
                        "staticValue": "http://terminology.arkhn.com/ck8iiui3g0872euut6adjvlol",
                      },
                    ],
                  },
                  "mergingScript": null,
                },
              ],
            },
            "path": "managingOrganization.identifier.system",
          },
          Object {
            "definitionId": "string",
            "inputGroups": Object {
              "create": Array [
                Object {
                  "inputs": Object {
                    "create": Array [
                      Object {
                        "conceptMapId": null,
                        "script": null,
                        "sqlValue": Object {
                          "create": Object {
                            "column": "CODESERV",
                            "table": "PATIENT",
                          },
                        },
                        "staticValue": null,
                      },
                    ],
                  },
                  "mergingScript": null,
                },
              ],
            },
            "path": "managingOrganization.identifier.value",
          },
          Object {
            "definitionId": "string",
            "inputGroups": Object {
              "create": Array [
                Object {
                  "inputs": Object {
                    "create": Array [
                      Object {
                        "conceptMapId": null,
                        "script": null,
                        "sqlValue": Object {
                          "create": Object {
                            "column": "NOOBSPAT",
                            "table": "PATIENT",
                          },
                        },
                        "staticValue": null,
                      },
                    ],
                  },
                  "mergingScript": null,
                },
              ],
            },
            "path": "identifier[0].value",
          },
          Object {
            "definitionId": "CodeableConcept",
            "path": "identifier[0].type",
          },
          Object {
            "definitionId": "Identifier",
            "path": "identifier",
          },
          Object {
            "definitionId": "boolean",
            "inputGroups": Object {
              "create": Array [
                Object {
                  "inputs": Object {
                    "create": Array [
                      Object {
                        "conceptMapId": null,
                        "script": null,
                        "staticValue": "false",
                      },
                    ],
                  },
                  "mergingScript": null,
                },
              ],
            },
            "path": "identifier[0].type.coding[0].userSelected",
          },
          Object {
            "definitionId": "string",
            "inputGroups": Object {
              "create": Array [
                Object {
                  "inputs": Object {
                    "create": Array [
                      Object {
                        "conceptMapId": null,
                        "script": null,
                        "sqlValue": Object {
                          "create": Object {
                            "column": "PACLEUNIK",
                            "table": "PATIENT",
                          },
                        },
                        "staticValue": null,
                      },
                    ],
                  },
                  "mergingScript": null,
                },
              ],
            },
            "path": "identifier[1].value",
          },
          Object {
            "definitionId": "dateTime",
            "inputGroups": Object {
              "create": Array [
                Object {
                  "inputs": Object {
                    "create": Array [
                      Object {
                        "conceptMapId": null,
                        "script": null,
                        "sqlValue": Object {
                          "create": Object {
                            "column": "DATEINPAT",
                            "table": "PATIENT",
                          },
                        },
                        "staticValue": null,
                      },
                    ],
                  },
                  "mergingScript": null,
                },
              ],
            },
            "path": "identifier[2].period.start",
          },
          Object {
            "definitionId": "dateTime",
            "inputGroups": Object {
              "create": Array [
                Object {
                  "inputs": Object {
                    "create": Array [
                      Object {
                        "conceptMapId": null,
                        "script": null,
                        "sqlValue": Object {
                          "create": Object {
                            "column": "DATEOUTPAT",
                            "table": "PATIENT",
                          },
                        },
                        "staticValue": null,
                      },
                    ],
                  },
                  "mergingScript": null,
                },
              ],
            },
            "path": "identifier[2].period.end",
          },
          Object {
            "definitionId": "string",
            "inputGroups": Object {
              "create": Array [
                Object {
                  "inputs": Object {
                    "create": Array [
                      Object {
                        "conceptMapId": null,
                        "script": null,
                        "sqlValue": Object {
                          "create": Object {
                            "column": "NOMPAT",
                            "table": "PATIENT",
                          },
                        },
                        "staticValue": null,
                      },
                    ],
                  },
                  "mergingScript": null,
                },
              ],
            },
            "path": "name[0].family",
          },
          Object {
            "definitionId": "string",
            "inputGroups": Object {
              "create": Array [
                Object {
                  "inputs": Object {
                    "create": Array [
                      Object {
                        "conceptMapId": null,
                        "script": null,
                        "sqlValue": Object {
                          "create": Object {
                            "column": "TELPAT",
                            "table": "PATIENT",
                          },
                        },
                        "staticValue": null,
                      },
                    ],
                  },
                  "mergingScript": null,
                },
              ],
            },
            "path": "telecom[0].value",
          },
          Object {
            "definitionId": "date",
            "inputGroups": Object {
              "create": Array [
                Object {
                  "inputs": Object {
                    "create": Array [
                      Object {
                        "conceptMapId": null,
                        "script": "clean_date",
                        "sqlValue": Object {
                          "create": Object {
                            "column": "DATENAISPA",
                            "table": "PATIENT",
                          },
                        },
                        "staticValue": null,
                      },
                    ],
                  },
                  "mergingScript": null,
                },
              ],
            },
            "path": "birthDate",
          },
          Object {
            "definitionId": "boolean",
            "inputGroups": Object {
              "create": Array [
                Object {
                  "inputs": Object {
                    "create": Array [
                      Object {
                        "conceptMapId": null,
                        "script": null,
                        "sqlValue": Object {
                          "create": Object {
                            "column": "IDMOTIFINAC",
                            "table": "PATIENT",
                          },
                        },
                        "staticValue": null,
                      },
                      Object {
                        "conceptMapId": null,
                        "script": null,
                        "sqlValue": Object {
                          "create": Object {
                            "column": "INACTIVPAT",
                            "table": "PATIENT",
                          },
                        },
                        "staticValue": null,
                      },
                    ],
                  },
                  "mergingScript": null,
                },
              ],
            },
            "path": "deceasedBoolean",
          },
          Object {
            "definitionId": "string",
            "path": "address[0].line",
          },
          Object {
            "definitionId": "string",
            "inputGroups": Object {
              "create": Array [
                Object {
                  "inputs": Object {
                    "create": Array [
                      Object {
                        "conceptMapId": null,
                        "script": null,
                        "sqlValue": Object {
                          "create": Object {
                            "column": "VILLEPAT",
                            "table": "PATIENT",
                          },
                        },
                        "staticValue": null,
                      },
                    ],
                  },
                  "mergingScript": null,
                },
              ],
            },
            "path": "address[0].city",
          },
          Object {
            "definitionId": "uri",
            "inputGroups": Object {
              "create": Array [
                Object {
                  "inputs": Object {
                    "create": Array [
                      Object {
                        "conceptMapId": null,
                        "script": null,
                        "staticValue": "http://terminology.interopsante.org/CodeSystem/v2-0203",
                      },
                    ],
                  },
                  "mergingScript": null,
                },
              ],
            },
            "path": "identifier[0].type.coding[0].system",
          },
          Object {
            "definitionId": "boolean",
            "inputGroups": Object {
              "create": Array [
                Object {
                  "inputs": Object {
                    "create": Array [
                      Object {
                        "conceptMapId": null,
                        "script": null,
                        "sqlValue": Object {
                          "create": Object {
                            "column": "INACTIVPAT",
                            "table": "PATIENT",
                          },
                        },
                        "staticValue": null,
                      },
                    ],
                  },
                  "mergingScript": null,
                },
              ],
            },
            "path": "active",
          },
          Object {
            "definitionId": "code",
            "inputGroups": Object {
              "create": Array [
                Object {
                  "inputs": Object {
                    "create": Array [
                      Object {
                        "conceptMapId": null,
                        "script": null,
                        "staticValue": "official",
                      },
                    ],
                  },
                  "mergingScript": null,
                },
              ],
            },
            "path": "name[0].use",
          },
          Object {
            "definitionId": "string",
            "inputGroups": Object {
              "create": Array [
                Object {
                  "inputs": Object {
                    "create": Array [
                      Object {
                        "conceptMapId": null,
                        "script": null,
                        "sqlValue": Object {
                          "create": Object {
                            "column": "PRENOMPAT",
                            "table": "PATIENT",
                          },
                        },
                        "staticValue": null,
                      },
                    ],
                  },
                  "mergingScript": null,
                },
              ],
            },
            "path": "name[0].given[0]",
          },
          Object {
            "definitionId": "string",
            "path": "name[0].given",
          },
          Object {
            "definitionId": "ContactPoint",
            "path": "telecom",
          },
          Object {
            "definitionId": "dateTime",
            "inputGroups": Object {
              "create": Array [
                Object {
                  "inputs": Object {
                    "create": Array [
                      Object {
                        "conceptMapId": null,
                        "script": null,
                        "sqlValue": Object {
                          "create": Object {
                            "column": "DATEINACPAT",
                            "table": "PATIENT",
                          },
                        },
                        "staticValue": null,
                      },
                    ],
                  },
                  "mergingScript": null,
                },
              ],
            },
            "path": "deceasedDateTime",
          },
          Object {
            "definitionId": "string",
            "inputGroups": Object {
              "create": Array [
                Object {
                  "inputs": Object {
                    "create": Array [
                      Object {
                        "conceptMapId": null,
                        "script": null,
                        "sqlValue": Object {
                          "create": Object {
                            "column": "ADR3PAT",
                            "table": "PATIENT",
                          },
                        },
                        "staticValue": null,
                      },
                      Object {
                        "conceptMapId": null,
                        "script": null,
                        "sqlValue": Object {
                          "create": Object {
                            "column": "ADR1PAT",
                            "table": "PATIENT",
                          },
                        },
                        "staticValue": null,
                      },
                      Object {
                        "conceptMapId": null,
                        "script": null,
                        "sqlValue": Object {
                          "create": Object {
                            "column": "ADR2PAT",
                            "table": "PATIENT",
                          },
                        },
                        "staticValue": null,
                      },
                    ],
                  },
                  "mergingScript": "merge_concat",
                },
              ],
            },
            "path": "address[0].line[0]",
          },
          Object {
            "definitionId": "string",
            "inputGroups": Object {
              "create": Array [
                Object {
                  "inputs": Object {
                    "create": Array [
                      Object {
                        "conceptMapId": null,
                        "script": null,
                        "sqlValue": Object {
                          "create": Object {
                            "column": "CPOSTPAT",
                            "table": "PATIENT",
                          },
                        },
                        "staticValue": null,
                      },
                    ],
                  },
                  "mergingScript": null,
                },
              ],
            },
            "path": "address[0].postalCode",
          },
          Object {
            "definitionId": "uri",
            "inputGroups": Object {
              "create": Array [
                Object {
                  "inputs": Object {
                    "create": Array [
                      Object {
                        "conceptMapId": null,
                        "script": null,
                        "staticValue": "Organization",
                      },
                    ],
                  },
                  "mergingScript": null,
                },
              ],
            },
            "path": "managingOrganization.type",
          },
          Object {
            "definitionId": "Identifier",
            "path": "managingOrganization.identifier",
          },
        ],
      },
      "definitionId": "Patient",
      "filters": Object {
        "create": Array [],
      },
      "label": "",
      "primaryKeyColumn": "PACLEUNIK",
      "primaryKeyTable": "PATIENT",
      "source": Object {
        "connect": Object {
          "id": "01234567",
        },
      },
    },
  },
]
`;
